// Jest Snapshot v1, https://goo.gl/fbAQLP

exports[`Row renders a row 1`] = `
<tr class="">
  <vueadscell-stub row="[object Object]" column="[object Object]" classes="[object Object]"></vueadscell-stub>
  <vueadscell-stub row="[object Object]" column="[object Object]" classes="[object Object]"></vueadscell-stub>
</tr>
`;
